// Jest Snapshot v1, https://goo.gl/fbAQLP

exports[`get profile should render article view component 1`] = `
ShallowWrapper {
  Symbol(enzyme.__root__): [Circular],
  Symbol(enzyme.__unrendered__): <ViewProfile
    EditUserProfile={[MockFunction]}
    auth={
      Object {
        "isAuthenticated": true,
        "user": Object {
          "username": "nesh",
        },
      }
    }
    bio="a bio "
    image="hshshs"
    match={
      Object {
        "params": Object {
          "username": "nesh",
        },
      }
    }
    username="nesh"
  />,
  Symbol(enzyme.__renderer__): Object {
    "batchedUpdates": [Function],
    "checkPropTypes": [Function],
    "getNode": [Function],
    "render": [Function],
    "simulateError": [Function],
    "simulateEvent": [Function],
    "unmount": [Function],
  },
  Symbol(enzyme.__node__): Object {
    "instance": null,
    "key": undefined,
    "nodeType": "host",
    "props": Object {
      "children": <div>
        <Modal
          actions={
            Array [
              <Button
                flat={true}
                modal="close"
                node="button"
                waves="light"
              >
                Close
              </Button>,
            ]
          }
          bottomSheet={false}
          className="editPage"
          fixedFooter={true}
          header="Profile Edit"
          modalOptions={Object {}}
          trigger={
            <button
              className="btn waves-effect edit"
            >
              Edit profile
              <i
                className="material-icons right"
              >
                edit
              </i>
            </button>
          }
        >
          <Row>
            <img
              alt="Avatar"
              className="responsive-img circle editPageProfile"
              height="100px"
              src="hshshs"
              width="100px"
            />
          </Row>
          <Row>
            <form
              onSubmit={[Function]}
            >
              <label
                htmlFor="bio"
              >
                Bio
              </label>
              <textarea
                className="materialize-textarea"
                defaultValue="a bio "
                id="bio"
                onChange={[Function]}
              />
              <Row>
                <Input
                  checked={false}
                  defaults={12}
                  label="Upload Image"
                  name="image"
                  onChange={[Function]}
                  s={12}
                  type="file"
                />
              </Row>
              <Row
                className="left-align"
              >
                <button
                  className="btn waves-effect edit "
                  type="submit"
                >
                  Update
                </button>
              </Row>
            </form>
          </Row>
        </Modal>
      </div>,
    },
    "ref": null,
    "rendered": Object {
      "instance": null,
      "key": undefined,
      "nodeType": "host",
      "props": Object {
        "children": <Modal
          actions={
            Array [
              <Button
                flat={true}
                modal="close"
                node="button"
                waves="light"
              >
                Close
              </Button>,
            ]
          }
          bottomSheet={false}
          className="editPage"
          fixedFooter={true}
          header="Profile Edit"
          modalOptions={Object {}}
          trigger={
            <button
              className="btn waves-effect edit"
            >
              Edit profile
              <i
                className="material-icons right"
              >
                edit
              </i>
            </button>
          }
        >
          <Row>
            <img
              alt="Avatar"
              className="responsive-img circle editPageProfile"
              height="100px"
              src="hshshs"
              width="100px"
            />
          </Row>
          <Row>
            <form
              onSubmit={[Function]}
            >
              <label
                htmlFor="bio"
              >
                Bio
              </label>
              <textarea
                className="materialize-textarea"
                defaultValue="a bio "
                id="bio"
                onChange={[Function]}
              />
              <Row>
                <Input
                  checked={false}
                  defaults={12}
                  label="Upload Image"
                  name="image"
                  onChange={[Function]}
                  s={12}
                  type="file"
                />
              </Row>
              <Row
                className="left-align"
              >
                <button
                  className="btn waves-effect edit "
                  type="submit"
                >
                  Update
                </button>
              </Row>
            </form>
          </Row>
        </Modal>,
      },
      "ref": null,
      "rendered": Object {
        "instance": null,
        "key": undefined,
        "nodeType": "class",
        "props": Object {
          "actions": Array [
            <Button
              flat={true}
              modal="close"
              node="button"
              waves="light"
            >
              Close
            </Button>,
          ],
          "bottomSheet": false,
          "children": Array [
            <Row>
              <img
                alt="Avatar"
                className="responsive-img circle editPageProfile"
                height="100px"
                src="hshshs"
                width="100px"
              />
            </Row>,
            <Row>
              <form
                onSubmit={[Function]}
              >
                <label
                  htmlFor="bio"
                >
                  Bio
                </label>
                <textarea
                  className="materialize-textarea"
                  defaultValue="a bio "
                  id="bio"
                  onChange={[Function]}
                />
                <Row>
                  <Input
                    checked={false}
                    defaults={12}
                    label="Upload Image"
                    name="image"
                    onChange={[Function]}
                    s={12}
                    type="file"
                  />
                </Row>
                <Row
                  className="left-align"
                >
                  <button
                    className="btn waves-effect edit "
                    type="submit"
                  >
                    Update
                  </button>
                </Row>
              </form>
            </Row>,
          ],
          "className": "editPage",
          "fixedFooter": true,
          "header": "Profile Edit",
          "modalOptions": Object {},
          "trigger": <button
            className="btn waves-effect edit"
          >
            Edit profile
            <i
              className="material-icons right"
            >
              edit
            </i>
          </button>,
        },
        "ref": null,
        "rendered": Array [
          Object {
            "instance": null,
            "key": undefined,
            "nodeType": "function",
            "props": Object {
              "children": <img
                alt="Avatar"
                className="responsive-img circle editPageProfile"
                height="100px"
                src="hshshs"
                width="100px"
              />,
            },
            "ref": null,
            "rendered": Object {
              "instance": null,
              "key": undefined,
              "nodeType": "host",
              "props": Object {
                "alt": "Avatar",
                "className": "responsive-img circle editPageProfile",
                "height": "100px",
                "src": "hshshs",
                "width": "100px",
              },
              "ref": null,
              "rendered": null,
              "type": "img",
            },
            "type": [Function],
          },
          Object {
            "instance": null,
            "key": undefined,
            "nodeType": "function",
            "props": Object {
              "children": <form
                onSubmit={[Function]}
              >
                <label
                  htmlFor="bio"
                >
                  Bio
                </label>
                <textarea
                  className="materialize-textarea"
                  defaultValue="a bio "
                  id="bio"
                  onChange={[Function]}
                />
                <Row>
                  <Input
                    checked={false}
                    defaults={12}
                    label="Upload Image"
                    name="image"
                    onChange={[Function]}
                    s={12}
                    type="file"
                  />
                </Row>
                <Row
                  className="left-align"
                >
                  <button
                    className="btn waves-effect edit "
                    type="submit"
                  >
                    Update
                  </button>
                </Row>
              </form>,
            },
            "ref": null,
            "rendered": Object {
              "instance": null,
              "key": undefined,
              "nodeType": "host",
              "props": Object {
                "children": Array [
                  <label
                    htmlFor="bio"
                  >
                    Bio
                  </label>,
                  <textarea
                    className="materialize-textarea"
                    defaultValue="a bio "
                    id="bio"
                    onChange={[Function]}
                  />,
                  <Row>
                    <Input
                      checked={false}
                      defaults={12}
                      label="Upload Image"
                      name="image"
                      onChange={[Function]}
                      s={12}
                      type="file"
                    />
                  </Row>,
                  <Row
                    className="left-align"
                  >
                    <button
                      className="btn waves-effect edit "
                      type="submit"
                    >
                      Update
                    </button>
                  </Row>,
                ],
                "onSubmit": [Function],
              },
              "ref": null,
              "rendered": Array [
                Object {
                  "instance": null,
                  "key": undefined,
                  "nodeType": "host",
                  "props": Object {
                    "children": "Bio",
                    "htmlFor": "bio",
                  },
                  "ref": null,
                  "rendered": "Bio",
                  "type": "label",
                },
                Object {
                  "instance": null,
                  "key": undefined,
                  "nodeType": "host",
                  "props": Object {
                    "className": "materialize-textarea",
                    "defaultValue": "a bio ",
                    "id": "bio",
                    "onChange": [Function],
                  },
                  "ref": null,
                  "rendered": null,
                  "type": "textarea",
                },
                Object {
                  "instance": null,
                  "key": undefined,
                  "nodeType": "function",
                  "props": Object {
                    "children": <Input
                      checked={false}
                      defaults={12}
                      label="Upload Image"
                      name="image"
                      onChange={[Function]}
                      s={12}
                      type="file"
                    />,
                  },
                  "ref": null,
                  "rendered": Object {
                    "instance": null,
                    "key": undefined,
                    "nodeType": "class",
                    "props": Object {
                      "checked": false,
                      "defaults": 12,
                      "label": "Upload Image",
                      "name": "image",
                      "onChange": [Function],
                      "s": 12,
                      "type": "file",
                    },
                    "ref": null,
                    "rendered": null,
                    "type": [Function],
                  },
                  "type": [Function],
                },
                Object {
                  "instance": null,
                  "key": undefined,
                  "nodeType": "function",
                  "props": Object {
                    "children": <button
                      className="btn waves-effect edit "
                      type="submit"
                    >
                      Update
                    </button>,
                    "className": "left-align",
                  },
                  "ref": null,
                  "rendered": Object {
                    "instance": null,
                    "key": undefined,
                    "nodeType": "host",
                    "props": Object {
                      "children": "Update",
                      "className": "btn waves-effect edit ",
                      "type": "submit",
                    },
                    "ref": null,
                    "rendered": "Update",
                    "type": "button",
                  },
                  "type": [Function],
                },
              ],
              "type": "form",
            },
            "type": [Function],
          },
        ],
        "type": [Function],
      },
      "type": "div",
    },
    "type": "div",
  },
  Symbol(enzyme.__nodes__): Array [
    Object {
      "instance": null,
      "key": undefined,
      "nodeType": "host",
      "props": Object {
        "children": <div>
          <Modal
            actions={
              Array [
                <Button
                  flat={true}
                  modal="close"
                  node="button"
                  waves="light"
                >
                  Close
                </Button>,
              ]
            }
            bottomSheet={false}
            className="editPage"
            fixedFooter={true}
            header="Profile Edit"
            modalOptions={Object {}}
            trigger={
              <button
                className="btn waves-effect edit"
              >
                Edit profile
                <i
                  className="material-icons right"
                >
                  edit
                </i>
              </button>
            }
          >
            <Row>
              <img
                alt="Avatar"
                className="responsive-img circle editPageProfile"
                height="100px"
                src="hshshs"
                width="100px"
              />
            </Row>
            <Row>
              <form
                onSubmit={[Function]}
              >
                <label
                  htmlFor="bio"
                >
                  Bio
                </label>
                <textarea
                  className="materialize-textarea"
                  defaultValue="a bio "
                  id="bio"
                  onChange={[Function]}
                />
                <Row>
                  <Input
                    checked={false}
                    defaults={12}
                    label="Upload Image"
                    name="image"
                    onChange={[Function]}
                    s={12}
                    type="file"
                  />
                </Row>
                <Row
                  className="left-align"
                >
                  <button
                    className="btn waves-effect edit "
                    type="submit"
                  >
                    Update
                  </button>
                </Row>
              </form>
            </Row>
          </Modal>
        </div>,
      },
      "ref": null,
      "rendered": Object {
        "instance": null,
        "key": undefined,
        "nodeType": "host",
        "props": Object {
          "children": <Modal
            actions={
              Array [
                <Button
                  flat={true}
                  modal="close"
                  node="button"
                  waves="light"
                >
                  Close
                </Button>,
              ]
            }
            bottomSheet={false}
            className="editPage"
            fixedFooter={true}
            header="Profile Edit"
            modalOptions={Object {}}
            trigger={
              <button
                className="btn waves-effect edit"
              >
                Edit profile
                <i
                  className="material-icons right"
                >
                  edit
                </i>
              </button>
            }
          >
            <Row>
              <img
                alt="Avatar"
                className="responsive-img circle editPageProfile"
                height="100px"
                src="hshshs"
                width="100px"
              />
            </Row>
            <Row>
              <form
                onSubmit={[Function]}
              >
                <label
                  htmlFor="bio"
                >
                  Bio
                </label>
                <textarea
                  className="materialize-textarea"
                  defaultValue="a bio "
                  id="bio"
                  onChange={[Function]}
                />
                <Row>
                  <Input
                    checked={false}
                    defaults={12}
                    label="Upload Image"
                    name="image"
                    onChange={[Function]}
                    s={12}
                    type="file"
                  />
                </Row>
                <Row
                  className="left-align"
                >
                  <button
                    className="btn waves-effect edit "
                    type="submit"
                  >
                    Update
                  </button>
                </Row>
              </form>
            </Row>
          </Modal>,
        },
        "ref": null,
        "rendered": Object {
          "instance": null,
          "key": undefined,
          "nodeType": "class",
          "props": Object {
            "actions": Array [
              <Button
                flat={true}
                modal="close"
                node="button"
                waves="light"
              >
                Close
              </Button>,
            ],
            "bottomSheet": false,
            "children": Array [
              <Row>
                <img
                  alt="Avatar"
                  className="responsive-img circle editPageProfile"
                  height="100px"
                  src="hshshs"
                  width="100px"
                />
              </Row>,
              <Row>
                <form
                  onSubmit={[Function]}
                >
                  <label
                    htmlFor="bio"
                  >
                    Bio
                  </label>
                  <textarea
                    className="materialize-textarea"
                    defaultValue="a bio "
                    id="bio"
                    onChange={[Function]}
                  />
                  <Row>
                    <Input
                      checked={false}
                      defaults={12}
                      label="Upload Image"
                      name="image"
                      onChange={[Function]}
                      s={12}
                      type="file"
                    />
                  </Row>
                  <Row
                    className="left-align"
                  >
                    <button
                      className="btn waves-effect edit "
                      type="submit"
                    >
                      Update
                    </button>
                  </Row>
                </form>
              </Row>,
            ],
            "className": "editPage",
            "fixedFooter": true,
            "header": "Profile Edit",
            "modalOptions": Object {},
            "trigger": <button
              className="btn waves-effect edit"
            >
              Edit profile
              <i
                className="material-icons right"
              >
                edit
              </i>
            </button>,
          },
          "ref": null,
          "rendered": Array [
            Object {
              "instance": null,
              "key": undefined,
              "nodeType": "function",
              "props": Object {
                "children": <img
                  alt="Avatar"
                  className="responsive-img circle editPageProfile"
                  height="100px"
                  src="hshshs"
                  width="100px"
                />,
              },
              "ref": null,
              "rendered": Object {
                "instance": null,
                "key": undefined,
                "nodeType": "host",
                "props": Object {
                  "alt": "Avatar",
                  "className": "responsive-img circle editPageProfile",
                  "height": "100px",
                  "src": "hshshs",
                  "width": "100px",
                },
                "ref": null,
                "rendered": null,
                "type": "img",
              },
              "type": [Function],
            },
            Object {
              "instance": null,
              "key": undefined,
              "nodeType": "function",
              "props": Object {
                "children": <form
                  onSubmit={[Function]}
                >
                  <label
                    htmlFor="bio"
                  >
                    Bio
                  </label>
                  <textarea
                    className="materialize-textarea"
                    defaultValue="a bio "
                    id="bio"
                    onChange={[Function]}
                  />
                  <Row>
                    <Input
                      checked={false}
                      defaults={12}
                      label="Upload Image"
                      name="image"
                      onChange={[Function]}
                      s={12}
                      type="file"
                    />
                  </Row>
                  <Row
                    className="left-align"
                  >
                    <button
                      className="btn waves-effect edit "
                      type="submit"
                    >
                      Update
                    </button>
                  </Row>
                </form>,
              },
              "ref": null,
              "rendered": Object {
                "instance": null,
                "key": undefined,
                "nodeType": "host",
                "props": Object {
                  "children": Array [
                    <label
                      htmlFor="bio"
                    >
                      Bio
                    </label>,
                    <textarea
                      className="materialize-textarea"
                      defaultValue="a bio "
                      id="bio"
                      onChange={[Function]}
                    />,
                    <Row>
                      <Input
                        checked={false}
                        defaults={12}
                        label="Upload Image"
                        name="image"
                        onChange={[Function]}
                        s={12}
                        type="file"
                      />
                    </Row>,
                    <Row
                      className="left-align"
                    >
                      <button
                        className="btn waves-effect edit "
                        type="submit"
                      >
                        Update
                      </button>
                    </Row>,
                  ],
                  "onSubmit": [Function],
                },
                "ref": null,
                "rendered": Array [
                  Object {
                    "instance": null,
                    "key": undefined,
                    "nodeType": "host",
                    "props": Object {
                      "children": "Bio",
                      "htmlFor": "bio",
                    },
                    "ref": null,
                    "rendered": "Bio",
                    "type": "label",
                  },
                  Object {
                    "instance": null,
                    "key": undefined,
                    "nodeType": "host",
                    "props": Object {
                      "className": "materialize-textarea",
                      "defaultValue": "a bio ",
                      "id": "bio",
                      "onChange": [Function],
                    },
                    "ref": null,
                    "rendered": null,
                    "type": "textarea",
                  },
                  Object {
                    "instance": null,
                    "key": undefined,
                    "nodeType": "function",
                    "props": Object {
                      "children": <Input
                        checked={false}
                        defaults={12}
                        label="Upload Image"
                        name="image"
                        onChange={[Function]}
                        s={12}
                        type="file"
                      />,
                    },
                    "ref": null,
                    "rendered": Object {
                      "instance": null,
                      "key": undefined,
                      "nodeType": "class",
                      "props": Object {
                        "checked": false,
                        "defaults": 12,
                        "label": "Upload Image",
                        "name": "image",
                        "onChange": [Function],
                        "s": 12,
                        "type": "file",
                      },
                      "ref": null,
                      "rendered": null,
                      "type": [Function],
                    },
                    "type": [Function],
                  },
                  Object {
                    "instance": null,
                    "key": undefined,
                    "nodeType": "function",
                    "props": Object {
                      "children": <button
                        className="btn waves-effect edit "
                        type="submit"
                      >
                        Update
                      </button>,
                      "className": "left-align",
                    },
                    "ref": null,
                    "rendered": Object {
                      "instance": null,
                      "key": undefined,
                      "nodeType": "host",
                      "props": Object {
                        "children": "Update",
                        "className": "btn waves-effect edit ",
                        "type": "submit",
                      },
                      "ref": null,
                      "rendered": "Update",
                      "type": "button",
                    },
                    "type": [Function],
                  },
                ],
                "type": "form",
              },
              "type": [Function],
            },
          ],
          "type": [Function],
        },
        "type": "div",
      },
      "type": "div",
    },
  ],
  Symbol(enzyme.__options__): Object {
    "adapter": ReactSixteenAdapter {
      "options": Object {
        "enableComponentDidUpdateOnSetState": true,
        "legacyContextMode": "parent",
        "lifecycles": Object {
          "componentDidUpdate": Object {
            "onSetState": true,
          },
          "getChildContext": Object {
            "calledByRenderer": false,
          },
          "getDerivedStateFromProps": true,
          "getSnapshotBeforeUpdate": true,
          "setState": Object {
            "skipsComponentDidUpdateOnNullish": true,
          },
        },
      },
    },
  },
  Symbol(enzyme.__childContext__): null,
}
`;
